[www.ucol.mx/cms/plantilla2.html]
[backblue.gif]
[fade.gif]
[index.html]
[www.ucol.mx/cms/img/favicon.ico]
[www.ucol.mx/cms/headerfooterapp2.css]
[www.ucol.mx/cms/beta/css/carrusel.css]
[www.ucol.mx/cms/beta/js/jquery.min.js]
[www.ucol.mx/cms/beta/dist/js/tether.min.js]
[www.ucol.mx/cms/beta/dist/js/bootstrap.min.js]
[www.ucol.mx/cms/beta/dist/js/bootstrap-hover-dropdown.min.js]
[www.ucol.mx/cms/beta/js/jquery.slides.js]
[www.ucol.mx/cms/beta/js/carruselV3.2.js]
[www.ucol.mx/cms/beta/js/jquery.flexisel0815.js]
[www.ucol.mx/cms/beta/js/purl.js]
[www.ucol.mx/cms/beta/js/custom.min.js]
[www.ucol.mx/cms/js/custom.js]
[www.ucol.mx/cms/plantilla2.html]
[wayf.ucol.mx/ucol_mini.html]
[www.ucol.mx/cms/beta/css/sistemas-universitarios.css]
[netdna.bootstrapcdn.com/bootstrap/3.0.0/css/bootstrap-glyphicons.css]
[www.ucol.mx/cms/beta/css/font-awesome.css]
[www.ucol.mx/cms/beta/dist/css/bootstrap.min.css]
[www.ucol.mx/cms/beta/dist/css/ie10-viewport-bug-workaround.css]
[www.ucol.mx/cms/beta/css/header.css]
[www.ucol.mx/cms/beta/css/footer.css]
[www.ucol.mx/cms/beta/img/icon/UdeC_izq_blanco.png]
[www.ucol.mx/cms/headerfooterapp2.css]
[www.ucol.mx/cms/beta/css/carrusel.css]
[www.ucol.mx/cms/index.html]
[www.ucol.mx/cms/plantillas.html]
[www.ucol.mx/cms/beta/img/icon/ubicacion.svg]
[www.ucol.mx/cms/beta/css/fonts/sistemas-universitarios.eot]
[www.ucol.mx/cms/beta/css/fonts/sistemas-universitarios.woff]
[www.ucol.mx/cms/beta/css/fonts/sistemas-universitariosd41d.eot]
[www.ucol.mx/cms/beta/css/fonts/sistemas-universitarios.ttf]
[www.ucol.mx/cms/beta/css/sistemas-universitarios.css]
[netdna.bootstrapcdn.com/bootstrap/3.0.0/css/bootstrap-glyphicons.css]
[www.ucol.mx/cms/beta/css/fonts/fontawesome-webfont3e6e.eot]
[www.ucol.mx/cms/beta/css/fonts/fontawesome-webfontd41d.eot]
[www.ucol.mx/cms/beta/css/fonts/fontawesome-webfont3e6e.woff]
[www.ucol.mx/cms/beta/css/fonts/fontawesome-webfont3e6e.ttf]
[www.ucol.mx/cms/beta/css/font-awesome.css]
[www.ucol.mx/cms/beta/dist/css/bootstrap.min.css]
[www.ucol.mx/cms/beta/dist/css/ie10-viewport-bug-workaround.css]
[www.ucol.mx/cms/beta/css/header.css]
[www.ucol.mx/cms/beta/css/footer.css]
[www.ucol.mx/cms/beta/img/textura2.svg]
[www.ucol.mx/cms/beta/img/textura3.svg]
[www.ucol.mx/cms/beta/img/textura4.svg]
[www.ucol.mx/cms/beta/img/textura5.svg]
[www.ucol.mx/cms/beta/img/textura6.svg]
[www.ucol.mx/cms/beta/css/fonts/sistemas-universitarios.svg]
[www.ucol.mx/cms/beta/css/fonts/fontawesome-webfont3e6e.html]
[www.ucol.mx/cms/beta/css/fonts/fontawesome-webfont3e6e.svg]
